// Jest Snapshot v1, https://goo.gl/fbAQLP

exports[`fails when received value does not consume wrapped async iterable 1`] = `"expected wrapper to eagerly consume wrapped async iterable"`;
