// Jest Snapshot v1, https://goo.gl/fbAQLP

exports[`rejects when targetIndex is "< 0" 1`] = `"targetIndex must be a non-negative number"`;

exports[`rejects when targetIndex is "non-numeric" 1`] = `"targetIndex must be a non-negative number"`;

exports[`rejects when targetIndex is "null" 1`] = `"targetIndex must be a non-negative number"`;

exports[`rejects when targetIndex is "undefined" 1`] = `"targetIndex must be a non-negative number"`;
